// Jest Snapshot v1, https://goo.gl/fbAQLP

exports[`index public api 1`] = `
Object {
  "AsyncRequest": undefined,
  "AsyncValue": undefined,
  "Dict": undefined,
  "FulfillAction": undefined,
  "PerformAction": undefined,
  "PersistConfigBuilder": [Function],
  "ReducerBuilder": [Function],
  "RejectAction": undefined,
  "SubReducer": undefined,
  "TransformConfig": undefined,
  "composeTransforms": [Function],
  "createAsyncRequestReducer": [Function],
  "createAsyncValueDictReducer": [Function],
  "createAsyncValueReducer": [Function],
  "createExpireTransformConfig": [Function],
  "createFulfillAction": [Function],
  "createPerformAction": [Function],
  "createRejectAction": [Function],
  "createVersionTransformConfig": [Function],
  "getAsyncValueError": [Function],
  "getAsyncValuePayload": [Function],
  "getInitialAsyncRequest": [Function],
  "getInitialAsyncValue": [Function],
  "isAsyncValueFetching": [Function],
  "isFulfillAction": [Function],
  "isPerformAction": [Function],
  "isRejectAction": [Function],
  "mapToAction": [Function],
}
`;
